Archive member included to satisfy reference by file (symbol)

/home/luminyx/Documents/Dev/Embedded/Setup/arm-gnu-toolchain/bin/../lib/gcc/arm-none-eabi/13.2.1/../../../../arm-none-eabi/lib/thumb/v6-m/nofp/libc_nano.a(libc_a-exit.o)
                              /home/luminyx/Documents/Dev/Embedded/Setup/arm-gnu-toolchain/bin/../lib/gcc/arm-none-eabi/13.2.1/../../../../arm-none-eabi/lib/thumb/v6-m/nofp/crt0.o (exit)
/home/luminyx/Documents/Dev/Embedded/Setup/arm-gnu-toolchain/bin/../lib/gcc/arm-none-eabi/13.2.1/../../../../arm-none-eabi/lib/thumb/v6-m/nofp/libc_nano.a(libc_a-init.o)
                              /home/luminyx/Documents/Dev/Embedded/Setup/arm-gnu-toolchain/bin/../lib/gcc/arm-none-eabi/13.2.1/../../../../arm-none-eabi/lib/thumb/v6-m/nofp/crt0.o (__libc_init_array)
/home/luminyx/Documents/Dev/Embedded/Setup/arm-gnu-toolchain/bin/../lib/gcc/arm-none-eabi/13.2.1/../../../../arm-none-eabi/lib/thumb/v6-m/nofp/libc_nano.a(libc_a-findfp.o)
                              /home/luminyx/Documents/Dev/Embedded/Setup/arm-gnu-toolchain/bin/../lib/gcc/arm-none-eabi/13.2.1/../../../../arm-none-eabi/lib/thumb/v6-m/nofp/libc_nano.a(libc_a-exit.o) (__stdio_exit_handler)
/home/luminyx/Documents/Dev/Embedded/Setup/arm-gnu-toolchain/bin/../lib/gcc/arm-none-eabi/13.2.1/../../../../arm-none-eabi/lib/thumb/v6-m/nofp/libc_nano.a(libc_a-stdio.o)
                              /home/luminyx/Documents/Dev/Embedded/Setup/arm-gnu-toolchain/bin/../lib/gcc/arm-none-eabi/13.2.1/../../../../arm-none-eabi/lib/thumb/v6-m/nofp/libc_nano.a(libc_a-findfp.o) (__sread)
/home/luminyx/Documents/Dev/Embedded/Setup/arm-gnu-toolchain/bin/../lib/gcc/arm-none-eabi/13.2.1/../../../../arm-none-eabi/lib/thumb/v6-m/nofp/libc_nano.a(libc_a-readr.o)
                              /home/luminyx/Documents/Dev/Embedded/Setup/arm-gnu-toolchain/bin/../lib/gcc/arm-none-eabi/13.2.1/../../../../arm-none-eabi/lib/thumb/v6-m/nofp/libc_nano.a(libc_a-stdio.o) (_read_r)
/home/luminyx/Documents/Dev/Embedded/Setup/arm-gnu-toolchain/bin/../lib/gcc/arm-none-eabi/13.2.1/../../../../arm-none-eabi/lib/thumb/v6-m/nofp/libc_nano.a(libc_a-writer.o)
                              /home/luminyx/Documents/Dev/Embedded/Setup/arm-gnu-toolchain/bin/../lib/gcc/arm-none-eabi/13.2.1/../../../../arm-none-eabi/lib/thumb/v6-m/nofp/libc_nano.a(libc_a-stdio.o) (_write_r)
/home/luminyx/Documents/Dev/Embedded/Setup/arm-gnu-toolchain/bin/../lib/gcc/arm-none-eabi/13.2.1/../../../../arm-none-eabi/lib/thumb/v6-m/nofp/libc_nano.a(libc_a-errno.o)
                              build/sysmem.o (__errno)
/home/luminyx/Documents/Dev/Embedded/Setup/arm-gnu-toolchain/bin/../lib/gcc/arm-none-eabi/13.2.1/../../../../arm-none-eabi/lib/thumb/v6-m/nofp/libc_nano.a(libc_a-fwalk.o)
                              /home/luminyx/Documents/Dev/Embedded/Setup/arm-gnu-toolchain/bin/../lib/gcc/arm-none-eabi/13.2.1/../../../../arm-none-eabi/lib/thumb/v6-m/nofp/libc_nano.a(libc_a-findfp.o) (_fwalk_sglue)
/home/luminyx/Documents/Dev/Embedded/Setup/arm-gnu-toolchain/bin/../lib/gcc/arm-none-eabi/13.2.1/../../../../arm-none-eabi/lib/thumb/v6-m/nofp/libc_nano.a(libc_a-memset.o)
                              /home/luminyx/Documents/Dev/Embedded/Setup/arm-gnu-toolchain/bin/../lib/gcc/arm-none-eabi/13.2.1/../../../../arm-none-eabi/lib/thumb/v6-m/nofp/crt0.o (memset)
/home/luminyx/Documents/Dev/Embedded/Setup/arm-gnu-toolchain/bin/../lib/gcc/arm-none-eabi/13.2.1/../../../../arm-none-eabi/lib/thumb/v6-m/nofp/libc_nano.a(libc_a-lock.o)
                              /home/luminyx/Documents/Dev/Embedded/Setup/arm-gnu-toolchain/bin/../lib/gcc/arm-none-eabi/13.2.1/../../../../arm-none-eabi/lib/thumb/v6-m/nofp/libc_nano.a(libc_a-findfp.o) (__retarget_lock_init_recursive)
/home/luminyx/Documents/Dev/Embedded/Setup/arm-gnu-toolchain/bin/../lib/gcc/arm-none-eabi/13.2.1/../../../../arm-none-eabi/lib/thumb/v6-m/nofp/libc_nano.a(libc_a-closer.o)
                              /home/luminyx/Documents/Dev/Embedded/Setup/arm-gnu-toolchain/bin/../lib/gcc/arm-none-eabi/13.2.1/../../../../arm-none-eabi/lib/thumb/v6-m/nofp/libc_nano.a(libc_a-stdio.o) (_close_r)
/home/luminyx/Documents/Dev/Embedded/Setup/arm-gnu-toolchain/bin/../lib/gcc/arm-none-eabi/13.2.1/../../../../arm-none-eabi/lib/thumb/v6-m/nofp/libc_nano.a(libc_a-reent.o)
                              /home/luminyx/Documents/Dev/Embedded/Setup/arm-gnu-toolchain/bin/../lib/gcc/arm-none-eabi/13.2.1/../../../../arm-none-eabi/lib/thumb/v6-m/nofp/libc_nano.a(libc_a-readr.o) (errno)
/home/luminyx/Documents/Dev/Embedded/Setup/arm-gnu-toolchain/bin/../lib/gcc/arm-none-eabi/13.2.1/../../../../arm-none-eabi/lib/thumb/v6-m/nofp/libc_nano.a(libc_a-impure.o)
                              /home/luminyx/Documents/Dev/Embedded/Setup/arm-gnu-toolchain/bin/../lib/gcc/arm-none-eabi/13.2.1/../../../../arm-none-eabi/lib/thumb/v6-m/nofp/libc_nano.a(libc_a-errno.o) (_impure_ptr)
[...]
Memory Configuration

Name             Origin             Length             Attributes
RAM              0x20000000         0x00003000         xrw
FLASH            0x08000000         0x00008000         xr
*default*        0x00000000         0xffffffff

Linker script and memory map

LOAD /home/luminyx/Documents/Dev/Embedded/Setup/arm-gnu-toolchain/bin/../lib/gcc/arm-none-eabi/13.2.1/thumb/v6-m/nofp/crti.o
LOAD /home/luminyx/Documents/Dev/Embedded/Setup/arm-gnu-toolchain/bin/../lib/gcc/arm-none-eabi/13.2.1/thumb/v6-m/nofp/crtbegin.o
LOAD /home/luminyx/Documents/Dev/Embedded/Setup/arm-gnu-toolchain/bin/../lib/gcc/arm-none-eabi/13.2.1/../../../../arm-none-eabi/lib/thumb/v6-m/nofp/crt0.o
LOAD build/main.o
LOAD build/sysmem.o
LOAD build/syscalls.o
LOAD build/system_stm32c0xx.o
LOAD build/LED.o
LOAD build/UART.o
LOAD build/startup_stm32c031xx.o
LOAD /home/luminyx/Documents/Dev/Embedded/Setup/arm-gnu-toolchain/bin/../lib/gcc/arm-none-eabi/13.2.1/../../../../arm-none-eabi/lib/thumb/v6-m/nofp/libc_nano.a
LOAD /home/luminyx/Documents/Dev/Embedded/Setup/arm-gnu-toolchain/bin/../lib/gcc/arm-none-eabi/13.2.1/../../../../arm-none-eabi/lib/thumb/v6-m/nofp/libm.a
LOAD /home/luminyx/Documents/Dev/Embedded/Setup/arm-gnu-toolchain/bin/../lib/gcc/arm-none-eabi/13.2.1/../../../../arm-none-eabi/lib/thumb/v6-m/nofp/libnosys.a
START GROUP
LOAD /home/luminyx/Documents/Dev/Embedded/Setup/arm-gnu-toolchain/bin/../lib/gcc/arm-none-eabi/13.2.1/thumb/v6-m/nofp/libgcc.a
LOAD /home/luminyx/Documents/Dev/Embedded/Setup/arm-gnu-toolchain/bin/../lib/gcc/arm-none-eabi/13.2.1/../../../../arm-none-eabi/lib/thumb/v6-m/nofp/libc_nano.a
END GROUP
START GROUP
LOAD /home/luminyx/Documents/Dev/Embedded/Setup/arm-gnu-toolchain/bin/../lib/gcc/arm-none-eabi/13.2.1/thumb/v6-m/nofp/libgcc.a
LOAD /home/luminyx/Documents/Dev/Embedded/Setup/arm-gnu-toolchain/bin/../lib/gcc/arm-none-eabi/13.2.1/../../../../arm-none-eabi/lib/thumb/v6-m/nofp/libc_nano.a
END GROUP
LOAD /home/luminyx/Documents/Dev/Embedded/Setup/arm-gnu-toolchain/bin/../lib/gcc/arm-none-eabi/13.2.1/thumb/v6-m/nofp/crtend.o
LOAD /home/luminyx/Documents/Dev/Embedded/Setup/arm-gnu-toolchain/bin/../lib/gcc/arm-none-eabi/13.2.1/thumb/v6-m/nofp/crtn.o
                0x20003000                        _estack = (ORIGIN (RAM) + LENGTH (RAM))
                0x00000200                        _Min_Heap_Size = 0x200
                0x00000400                        _Min_Stack_Size = 0x400

.isr_vector     0x08000000       0xc0
                0x08000000                        . = ALIGN (0x4)
 *(.isr_vector)
 .isr_vector    0x08000000       0xc0 build/startup_stm32c031xx.o
                0x08000000                g_pfnVectors
                0x080000c0                        . = ALIGN (0x4)

.text           0x080000c0      0x4fc
                0x080000c0                        . = ALIGN (0x4)
 *(.text)
 .text          0x080000c0      0x114 /home/luminyx/Documents/Dev/Embedded/Setup/arm-gnu-toolchain/bin/../lib/gcc/arm-none-eabi/13.2.1/thumb/v6-m/nofp/libgcc.a(_udivsi3.o)
                0x080000c0                __udivsi3
                0x080000c0                __aeabi_uidiv
                0x080001cc                __aeabi_uidivmod
 .text          0x080001d4        0x4 /home/luminyx/Documents/Dev/Embedded/Setup/arm-gnu-toolchain/bin/../lib/gcc/arm-none-eabi/13.2.1/thumb/v6-m/nofp/libgcc.a(_dvmd_tls.o)
                0x080001d4                __aeabi_ldiv0
                0x080001d4                __aeabi_idiv0
 *(.text*)
 .text.deregister_tm_clones
                0x080001d8       0x20 /home/luminyx/Documents/Dev/Embedded/Setup/arm-gnu-toolchain/bin/../lib/gcc/arm-none-eabi/13.2.1/thumb/v6-m/nofp/crtbegin.o
 .text.register_tm_clones
                0x080001f8       0x28 /home/luminyx/Documents/Dev/Embedded/Setup/arm-gnu-toolchain/bin/../lib/gcc/arm-none-eabi/13.2.1/thumb/v6-m/nofp/crtbegin.o
 .text.__do_global_dtors_aux
                0x08000220       0x2c /home/luminyx/Documents/Dev/Embedded/Setup/arm-gnu-toolchain/bin/../lib/gcc/arm-none-eabi/13.2.1/thumb/v6-m/nofp/crtbegin.o
 .text.frame_dummy
                0x0800024c       0x24 /home/luminyx/Documents/Dev/Embedded/Setup/arm-gnu-toolchain/bin/../lib/gcc/arm-none-eabi/13.2.1/thumb/v6-m/nofp/crtbegin.o
 .text.delay    0x08000270       0x20 build/main.o
                0x08000270                delay
 .text.main     0x08000290       0x44 build/main.o
                0x08000290                main
 .text.SystemInit
                0x080002d4       0x18 build/system_stm32c0xx.o
                0x080002d4                SystemInit
 .text.LEDInit  0x080002ec       0x40 build/LED.o
                0x080002ec                LEDInit
 .text.UARTInit
                0x0800032c      0x100 build/UART.o
                0x0800032c                UARTInit
 .text.setBaudRate
                0x0800042c       0x28 build/UART.o
 .text.computeBaudRate
                0x08000454       0x50 build/UART.o
 .text.UARTWrite
                0x080004a4       0x2c build/UART.o
 .text.UARTTransmit
                0x080004d0       0x36 build/UART.o
                0x080004d0                UARTTransmit
 *fill*         0x08000506        0x2 
 .text.Reset_Handler
                0x08000508       0x50 build/startup_stm32c031xx.o
                0x08000508                Reset_Handler
 .text.Default_Handler
                0x08000558        0x2 build/startup_stm32c031xx.o
                0x08000558                TIM1_CC_IRQHandler
                0x08000558                HardFault_Handler
                0x08000558                SysTick_Handler
                0x08000558                PendSV_Handler
                0x08000558                NMI_Handler
                0x08000558                I2C1_IRQHandler
                0x08000558                DMAMUX1_IRQHandler
                0x08000558                SPI1_IRQHandler
                0x08000558                EXTI2_3_IRQHandler
                0x08000558                ADC1_IRQHandler
                0x08000558                TIM17_IRQHandler
                0x08000558                RTC_IRQHandler
                0x08000558                TIM16_IRQHandler
                0x08000558                TIM3_IRQHandler
                0x08000558                EXTI4_15_IRQHandler
                0x08000558                RCC_IRQHandler
                0x08000558                DMA1_Channel1_IRQHandler
                0x08000558                Default_Handler
                0x08000558                TIM14_IRQHandler
                0x08000558                EXTI0_1_IRQHandler
                0x08000558                SVC_Handler
                0x08000558                WWDG_IRQHandler
                0x08000558                DMA1_Channel2_3_IRQHandler
                0x08000558                USART2_IRQHandler
                0x08000558                FLASH_IRQHandler
                0x08000558                USART1_IRQHandler
                0x08000558                TIM1_BRK_UP_TRG_COM_IRQHandler
 *fill*         0x0800055a        0x2 
 .text.__libc_init_array
                0x0800055c       0x48 /home/luminyx/Documents/Dev/Embedded/Setup/arm-gnu-toolchain/bin/../lib/gcc/arm-none-eabi/13.2.1/../../../../arm-none-eabi/lib/thumb/v6-m/nofp/libc_nano.a(libc_a-init.o)
                0x0800055c                __libc_init_array
 *(.glue_7)
 .glue_7        0x080005a4        0x0 linker stubs
 *(.glue_7t)
 .glue_7t       0x080005a4        0x0 linker stubs
 *(.eh_frame)
 .eh_frame      0x080005a4        0x0 /home/luminyx/Documents/Dev/Embedded/Setup/arm-gnu-toolchain/bin/../lib/gcc/arm-none-eabi/13.2.1/thumb/v6-m/nofp/crtbegin.o
 *(.init)
 .init          0x080005a4        0x4 /home/luminyx/Documents/Dev/Embedded/Setup/arm-gnu-toolchain/bin/../lib/gcc/arm-none-eabi/13.2.1/thumb/v6-m/nofp/crti.o
                0x080005a4                _init
 .init          0x080005a8        0x8 /home/luminyx/Documents/Dev/Embedded/Setup/arm-gnu-toolchain/bin/../lib/gcc/arm-none-eabi/13.2.1/thumb/v6-m/nofp/crtn.o
 *(.fini)
 .fini          0x080005b0        0x4 /home/luminyx/Documents/Dev/Embedded/Setup/arm-gnu-toolchain/bin/../lib/gcc/arm-none-eabi/13.2.1/thumb/v6-m/nofp/crti.o
                0x080005b0                _fini
 .fini          0x080005b4        0x8 /home/luminyx/Documents/Dev/Embedded/Setup/arm-gnu-toolchain/bin/../lib/gcc/arm-none-eabi/13.2.1/thumb/v6-m/nofp/crtn.o
                0x080005bc                        . = ALIGN (0x4)
                0x080005bc                        _etext = .

.vfp11_veneer   0x080005bc        0x0
 .vfp11_veneer  0x080005bc        0x0 linker stubs

.v4_bx          0x080005bc        0x0
 .v4_bx         0x080005bc        0x0 linker stubs

.iplt           0x080005bc        0x0
 .iplt          0x080005bc        0x0 /home/luminyx/Documents/Dev/Embedded/Setup/arm-gnu-toolchain/bin/../lib/gcc/arm-none-eabi/13.2.1/thumb/v6-m/nofp/crtbegin.o

.rodata         0x080005bc       0x10
                0x080005bc                        . = ALIGN (0x4)
 *(.rodata)
 .rodata        0x080005bc        0xf build/main.o
 *(.rodata*)
                0x080005cc                        . = ALIGN (0x4)
 *fill*         0x080005cb        0x1 

.rel.dyn        0x080005cc        0x0
 .rel.iplt      0x080005cc        0x0 /home/luminyx/Documents/Dev/Embedded/Setup/arm-gnu-toolchain/bin/../lib/gcc/arm-none-eabi/13.2.1/thumb/v6-m/nofp/crtbegin.o

.ARM.extab
 *(.ARM.extab* .gnu.linkonce.armextab.*)

.ARM            0x080005cc        0x0
                0x080005cc                        __exidx_start = .
 *(.ARM.exidx*)
                0x080005cc                        __exidx_end = .

.preinit_array  0x080005cc        0x0
                0x080005cc                        PROVIDE (__preinit_array_start = .)
 *(.preinit_array*)
                0x080005cc                        PROVIDE (__preinit_array_end = .)

.init_array     0x080005cc        0x4
                0x080005cc                        PROVIDE (__init_array_start = .)
 *(SORT_BY_NAME(.init_array.*))
 *(.init_array*)
 .init_array    0x080005cc        0x4 /home/luminyx/Documents/Dev/Embedded/Setup/arm-gnu-toolchain/bin/../lib/gcc/arm-none-eabi/13.2.1/thumb/v6-m/nofp/crtbegin.o
                0x080005d0                        PROVIDE (__init_array_end = .)

.fini_array     0x080005d0        0x4
                [!provide]                        PROVIDE (__fini_array_start = .)
 *(SORT_BY_NAME(.fini_array.*))
 *(.fini_array*)
 .fini_array    0x080005d0        0x4 /home/luminyx/Documents/Dev/Embedded/Setup/arm-gnu-toolchain/bin/../lib/gcc/arm-none-eabi/13.2.1/thumb/v6-m/nofp/crtbegin.o
                [!provide]                        PROVIDE (__fini_array_end = .)
                0x080005d4                        _sidata = LOADADDR (.data)

.data           0x20000000        0x0 load address 0x080005d4
                0x20000000                        . = ALIGN (0x4)
                0x20000000                        _sdata = .
 *(.data)
 *(.data*)
                0x20000000                        . = ALIGN (0x4)
                0x20000000                        _edata = .

.tm_clone_table
                0x20000000        0x0 load address 0x080005d4
 .tm_clone_table
                0x20000000        0x0 /home/luminyx/Documents/Dev/Embedded/Setup/arm-gnu-toolchain/bin/../lib/gcc/arm-none-eabi/13.2.1/thumb/v6-m/nofp/crtbegin.o
 .tm_clone_table
                0x20000000        0x0 /home/luminyx/Documents/Dev/Embedded/Setup/arm-gnu-toolchain/bin/../lib/gcc/arm-none-eabi/13.2.1/thumb/v6-m/nofp/crtend.o

.igot.plt       0x20000000        0x0 load address 0x080005d4
 .igot.plt      0x20000000        0x0 /home/luminyx/Documents/Dev/Embedded/Setup/arm-gnu-toolchain/bin/../lib/gcc/arm-none-eabi/13.2.1/thumb/v6-m/nofp/crtbegin.o
                0x20000000                        . = ALIGN (0x4)

.bss            0x20000000       0x1c load address 0x080005d4
                0x20000000                        _sbss = .
                0x20000000                        __bss_start__ = _sbss
 *(.bss)
 *(.bss*)
 .bss.completed.1
                0x20000000        0x1 /home/luminyx/Documents/Dev/Embedded/Setup/arm-gnu-toolchain/bin/../lib/gcc/arm-none-eabi/13.2.1/thumb/v6-m/nofp/crtbegin.o
 *fill*         0x20000001        0x3 
 .bss.object.0  0x20000004       0x18 /home/luminyx/Documents/Dev/Embedded/Setup/arm-gnu-toolchain/bin/../lib/gcc/arm-none-eabi/13.2.1/thumb/v6-m/nofp/crtbegin.o
 *(COMMON)
                0x2000001c                        . = ALIGN (0x4)
                0x2000001c                        _ebss = .
                0x2000001c                        __bss_end__ = _ebss

._user_heap_stack
                0x2000001c      0x604 load address 0x080005d4
                0x20000020                        . = ALIGN (0x8)
 *fill*         0x2000001c        0x4 
                [!provide]                        PROVIDE (end = .)
                0x20000020                        PROVIDE (_end = .)
                0x20000220                        . = (. + _Min_Heap_Size)
 *fill*         0x20000020      0x200 
                0x20000620                        . = (. + _Min_Stack_Size)
 *fill*         0x20000220      0x400 
                0x20000620                        . = ALIGN (0x8)

/DISCARD/
 libc.a(*)
 libm.a(*)
 libgcc.a(*)

.ARM.attributes
                0x00000000       0x28
 *(.ARM.attributes)
 .ARM.attributes
                0x00000000       0x1e /home/luminyx/Documents/Dev/Embedded/Setup/arm-gnu-toolchain/bin/../lib/gcc/arm-none-eabi/13.2.1/thumb/v6-m/nofp/crti.o
 .ARM.attributes
                0x0000001e       0x2c /home/luminyx/Documents/Dev/Embedded/Setup/arm-gnu-toolchain/bin/../lib/gcc/arm-none-eabi/13.2.1/thumb/v6-m/nofp/crtbegin.o
 .ARM.attributes
                0x0000004a       0x2c build/main.o
 .ARM.attributes
                0x00000076       0x2c build/system_stm32c0xx.o
 .ARM.attributes
                0x000000a2       0x2c build/LED.o
 .ARM.attributes
                0x000000ce       0x2c build/UART.o
 .ARM.attributes
                0x000000fa       0x22 build/startup_stm32c031xx.o
 .ARM.attributes
                0x0000011c       0x2c /home/luminyx/Documents/Dev/Embedded/Setup/arm-gnu-toolchain/bin/../lib/gcc/arm-none-eabi/13.2.1/../../../../arm-none-eabi/lib/thumb/v6-m/nofp/libc_nano.a(libc_a-init.o)
 .ARM.attributes
                0x00000148       0x1e /home/luminyx/Documents/Dev/Embedded/Setup/arm-gnu-toolchain/bin/../lib/gcc/arm-none-eabi/13.2.1/thumb/v6-m/nofp/libgcc.a(_udivsi3.o)
 .ARM.attributes
                0x00000166       0x1e /home/luminyx/Documents/Dev/Embedded/Setup/arm-gnu-toolchain/bin/../lib/gcc/arm-none-eabi/13.2.1/thumb/v6-m/nofp/libgcc.a(_dvmd_tls.o)
 .ARM.attributes
                0x00000184       0x2c /home/luminyx/Documents/Dev/Embedded/Setup/arm-gnu-toolchain/bin/../lib/gcc/arm-none-eabi/13.2.1/thumb/v6-m/nofp/crtend.o
 .ARM.attributes
                0x000001b0       0x1e /home/luminyx/Documents/Dev/Embedded/Setup/arm-gnu-toolchain/bin/../lib/gcc/arm-none-eabi/13.2.1/thumb/v6-m/nofp/crtn.o
OUTPUT(build/RTOS_COURSE.elf elf32-littlearm)
LOAD linker stubs
LOAD /home/luminyx/Documents/Dev/Embedded/Setup/arm-gnu-toolchain/bin/../lib/gcc/arm-none-eabi/13.2.1/../../../../arm-none-eabi/lib/thumb/v6-m/nofp/libc.a
LOAD /home/luminyx/Documents/Dev/Embedded/Setup/arm-gnu-toolchain/bin/../lib/gcc/arm-none-eabi/13.2.1/../../../../arm-none-eabi/lib/thumb/v6-m/nofp/libm.a
LOAD /home/luminyx/Documents/Dev/Embedded/Setup/arm-gnu-toolchain/bin/../lib/gcc/arm-none-eabi/13.2.1/thumb/v6-m/nofp/libgcc.a

.debug_info     0x00000000      0xdb9
 .debug_info    0x00000000      0x13a build/main.o
 .debug_info    0x0000013a      0x3ba build/system_stm32c0xx.o
 .debug_info    0x000004f4      0x34d build/LED.o
 .debug_info    0x00000841      0x548 build/UART.o
 .debug_info    0x00000d89       0x30 build/startup_stm32c031xx.o

.debug_abbrev   0x00000000      0x45e
 .debug_abbrev  0x00000000       0xf0 build/main.o
 .debug_abbrev  0x000000f0      0x115 build/system_stm32c0xx.o
 .debug_abbrev  0x00000205       0xae build/LED.o
 .debug_abbrev  0x000002b3      0x18e build/UART.o
 .debug_abbrev  0x00000441       0x1d build/startup_stm32c031xx.o

.debug_loc      0x00000000      0x2c8
 .debug_loc     0x00000000       0x70 build/main.o
 .debug_loc     0x00000070       0x64 build/system_stm32c0xx.o
 .debug_loc     0x000000d4       0xb0 build/LED.o
 .debug_loc     0x00000184      0x144 build/UART.o

.debug_aranges  0x00000000       0xf8
 .debug_aranges
                0x00000000       0x28 build/main.o
 .debug_aranges
                0x00000028       0x28 build/system_stm32c0xx.o
 .debug_aranges
                0x00000050       0x38 build/LED.o
 .debug_aranges
                0x00000088       0x48 build/UART.o
 .debug_aranges
                0x000000d0       0x28 build/startup_stm32c031xx.o

.debug_ranges   0x00000000       0xb0
 .debug_ranges  0x00000000       0x18 build/main.o
 .debug_ranges  0x00000018       0x18 build/system_stm32c0xx.o
 .debug_ranges  0x00000030       0x28 build/LED.o
 .debug_ranges  0x00000058       0x38 build/UART.o
 .debug_ranges  0x00000090       0x20 build/startup_stm32c031xx.o

.debug_line     0x00000000      0x813
 .debug_line    0x00000000      0x155 build/main.o
 .debug_line    0x00000155      0x1ec build/system_stm32c0xx.o
 .debug_line    0x00000341      0x1aa build/LED.o
 .debug_line    0x000004eb      0x2b2 build/UART.o
 .debug_line    0x0000079d       0x76 build/startup_stm32c031xx.o

.debug_str      0x00000000      0x3c4
 .debug_str     0x00000000      0x3c4 build/main.o
                                0x19a (size before relaxing)
 .debug_str     0x000003c4      0x2a0 build/system_stm32c0xx.o
 .debug_str     0x000003c4      0x261 build/LED.o
 .debug_str     0x000003c4      0x2f6 build/UART.o
 .debug_str     0x000003c4       0x6a build/startup_stm32c031xx.o

.comment        0x00000000       0x44
 .comment       0x00000000       0x44 build/main.o
                                 0x45 (size before relaxing)
 .comment       0x00000044       0x45 build/system_stm32c0xx.o
 .comment       0x00000044       0x45 build/LED.o
 .comment       0x00000044       0x45 build/UART.o

.debug_frame    0x00000000      0x234
 .debug_frame   0x00000000       0x50 build/main.o
 .debug_frame   0x00000050       0x4c build/system_stm32c0xx.o
 .debug_frame   0x0000009c       0x80 build/LED.o
 .debug_frame   0x0000011c       0xcc build/UART.o
 .debug_frame   0x000001e8       0x2c /home/luminyx/Documents/Dev/Embedded/Setup/arm-gnu-toolchain/bin/../lib/gcc/arm-none-eabi/13.2.1/../../../../arm-none-eabi/lib/thumb/v6-m/nofp/libc_nano.a(libc_a-init.o)
 .debug_frame   0x00000214       0x20 /home/luminyx/Documents/Dev/Embedded/Setup/arm-gnu-toolchain/bin/../lib/gcc/arm-none-eabi/13.2.1/thumb/v6-m/nofp/libgcc.a(_udivsi3.o)

.debug_line_str
                0x00000000       0xc2
 .debug_line_str
                0x00000000       0xc2 /home/luminyx/Documents/Dev/Embedded/Setup/arm-gnu-toolchain/bin/../lib/gcc/arm-none-eabi/13.2.1/thumb/v6-m/nofp/libgcc.a(_udivsi3.o)
 .debug_line_str
                0x000000c2       0xc2 /home/luminyx/Documents/Dev/Embedded/Setup/arm-gnu-toolchain/bin/../lib/gcc/arm-none-eabi/13.2.1/thumb/v6-m/nofp/libgcc.a(_dvmd_tls.o)

Cross Reference Table

Symbol                                            File
ADC1_IRQHandler                                   build/startup_stm32c031xx.o
AHBPrescTable                                     build/system_stm32c0xx.o
APBPrescTable                                     build/system_stm32c0xx.o
DMA1_Channel1_IRQHandler                          build/startup_stm32c031xx.o
DMA1_Channel2_3_IRQHandler                        build/startup_stm32c031xx.o
DMAMUX1_IRQHandler                                build/startup_stm32c031xx.o
Default_Handler                                   build/startup_stm32c031xx.o
EXTI0_1_IRQHandler                                build/startup_stm32c031xx.o
EXTI2_3_IRQHandler                                build/startup_stm32c031xx.o
EXTI4_15_IRQHandler                               build/startup_stm32c031xx.o
FLASH_IRQHandler                                  build/startup_stm32c031xx.o
HardFault_Handler                                 build/startup_stm32c031xx.o
I2C1_IRQHandler                                   build/startup_stm32c031xx.o
LEDInit                                           build/LED.o
                                                  build/main.o
LEDOff                                            build/LED.o
LEDOn                                             build/LED.o
LEDToggle                                         build/LED.o
NMI_Handler                                       build/startup_stm32c031xx.o
PendSV_Handler                                    build/startup_stm32c031xx.o
RCC_IRQHandler                                    build/startup_stm32c031xx.o
RTC_IRQHandler                                    build/startup_stm32c031xx.o
Reset_Handler                                     build/startup_stm32c031xx.o
SPI1_IRQHandler                                   build/startup_stm32c031xx.o
SVC_Handler                                       build/startup_stm32c031xx.o
SysTick_Handler                                   build/startup_stm32c031xx.o
SystemCoreClock                                   build/system_stm32c0xx.o
SystemCoreClockUpdate                             build/system_stm32c0xx.o
SystemInit                                        build/system_stm32c0xx.o
                                                  build/startup_stm32c031xx.o
TIM14_IRQHandler                                  build/startup_stm32c031xx.o
TIM16_IRQHandler                                  build/startup_stm32c031xx.o
TIM17_IRQHandler                                  build/startup_stm32c031xx.o
TIM1_BRK_UP_TRG_COM_IRQHandler                    build/startup_stm32c031xx.o
TIM1_CC_IRQHandler                                build/startup_stm32c031xx.o
TIM3_IRQHandler                                   build/startup_stm32c031xx.o
UARTInit                                          build/UART.o
                                                  build/main.o
UARTTransmit                                      build/UART.o
                                                  build/main.o
USART1_IRQHandler                                 build/startup_stm32c031xx.o
USART2_IRQHandler                                 build/startup_stm32c031xx.o
WWDG_IRQHandler                                   build/startup_stm32c031xx.o
_ITM_deregisterTMCloneTable                       /home/luminyx/Documents/Dev/Embedded/Setup/arm-gnu-toolchain/bin/../lib/gcc/arm-none-eabi/13.2.1/thumb/v6-m/nofp/crtbegin.o
_ITM_registerTMCloneTable                         /home/luminyx/Documents/Dev/Embedded/Setup/arm-gnu-toolchain/bin/../lib/gcc/arm-none-eabi/13.2.1/thumb/v6-m/nofp/crtbegin.o
_Min_Stack_Size                                   build/sysmem.o
__TMC_END__                                       /home/luminyx/Documents/Dev/Embedded/Setup/arm-gnu-toolchain/bin/../lib/gcc/arm-none-eabi/13.2.1/thumb/v6-m/nofp/crtend.o
                                                  /home/luminyx/Documents/Dev/Embedded/Setup/arm-gnu-toolchain/bin/../lib/gcc/arm-none-eabi/13.2.1/thumb/v6-m/nofp/crtbegin.o
__aeabi_idiv0                                     /home/luminyx/Documents/Dev/Embedded/Setup/arm-gnu-toolchain/bin/../lib/gcc/arm-none-eabi/13.2.1/thumb/v6-m/nofp/libgcc.a(_dvmd_tls.o)
                                                  /home/luminyx/Documents/Dev/Embedded/Setup/arm-gnu-toolchain/bin/../lib/gcc/arm-none-eabi/13.2.1/thumb/v6-m/nofp/libgcc.a(_udivsi3.o)
__aeabi_ldiv0                                     /home/luminyx/Documents/Dev/Embedded/Setup/arm-gnu-toolchain/bin/../lib/gcc/arm-none-eabi/13.2.1/thumb/v6-m/nofp/libgcc.a(_dvmd_tls.o)
__aeabi_uidiv                                     /home/luminyx/Documents/Dev/Embedded/Setup/arm-gnu-toolchain/bin/../lib/gcc/arm-none-eabi/13.2.1/thumb/v6-m/nofp/libgcc.a(_udivsi3.o)
                                                  build/UART.o
                                                  build/system_stm32c0xx.o
__aeabi_uidivmod                                  /home/luminyx/Documents/Dev/Embedded/Setup/arm-gnu-toolchain/bin/../lib/gcc/arm-none-eabi/13.2.1/thumb/v6-m/nofp/libgcc.a(_udivsi3.o)
                                                  build/UART.o
__bss_end__                                       /home/luminyx/Documents/Dev/Embedded/Setup/arm-gnu-toolchain/bin/../lib/gcc/arm-none-eabi/13.2.1/../../../../arm-none-eabi/lib/thumb/v6-m/nofp/crt0.o
__bss_start__                                     /home/luminyx/Documents/Dev/Embedded/Setup/arm-gnu-toolchain/bin/../lib/gcc/arm-none-eabi/13.2.1/../../../../arm-none-eabi/lib/thumb/v6-m/nofp/crt0.o
__call_exitprocs                                  /home/luminyx/Documents/Dev/Embedded/Setup/arm-gnu-toolchain/bin/../lib/gcc/arm-none-eabi/13.2.1/../../../../arm-none-eabi/lib/thumb/v6-m/nofp/libc_nano.a(libc_a-exit.o)
__deregister_frame_info                           /home/luminyx/Documents/Dev/Embedded/Setup/arm-gnu-toolchain/bin/../lib/gcc/arm-none-eabi/13.2.1/thumb/v6-m/nofp/crtbegin.o
__dso_handle                                      /home/luminyx/Documents/Dev/Embedded/Setup/arm-gnu-toolchain/bin/../lib/gcc/arm-none-eabi/13.2.1/thumb/v6-m/nofp/crtbegin.o
__env                                             build/syscalls.o
__errno                                           /home/luminyx/Documents/Dev/Embedded/Setup/arm-gnu-toolchain/bin/../lib/gcc/arm-none-eabi/13.2.1/../../../../arm-none-eabi/lib/thumb/v6-m/nofp/libc_nano.a(libc_a-errno.o)
                                                  build/syscalls.o
                                                  build/sysmem.o
__fp_lock_all                                     /home/luminyx/Documents/Dev/Embedded/Setup/arm-gnu-toolchain/bin/../lib/gcc/arm-none-eabi/13.2.1/../../../../arm-none-eabi/lib/thumb/v6-m/nofp/libc_nano.a(libc_a-findfp.o)
__fp_unlock_all                                   /home/luminyx/Documents/Dev/Embedded/Setup/arm-gnu-toolchain/bin/../lib/gcc/arm-none-eabi/13.2.1/../../../../arm-none-eabi/lib/thumb/v6-m/nofp/libc_nano.a(libc_a-findfp.o)
__init_array_end                                  /home/luminyx/Documents/Dev/Embedded/Setup/arm-gnu-toolchain/bin/../lib/gcc/arm-none-eabi/13.2.1/../../../../arm-none-eabi/lib/thumb/v6-m/nofp/libc_nano.a(libc_a-init.o)
__init_array_start                                /home/luminyx/Documents/Dev/Embedded/Setup/arm-gnu-toolchain/bin/../lib/gcc/arm-none-eabi/13.2.1/../../../../arm-none-eabi/lib/thumb/v6-m/nofp/libc_nano.a(libc_a-init.o)
__io_getchar                                      build/syscalls.o
__io_putchar                                      build/UART.o
                                                  build/syscalls.o
__libc_fini_array                                 /home/luminyx/Documents/Dev/Embedded/Setup/arm-gnu-toolchain/bin/../lib/gcc/arm-none-eabi/13.2.1/../../../../arm-none-eabi/lib/thumb/v6-m/nofp/crt0.o
__libc_init_array                                 /home/luminyx/Documents/Dev/Embedded/Setup/arm-gnu-toolchain/bin/../lib/gcc/arm-none-eabi/13.2.1/../../../../arm-none-eabi/lib/thumb/v6-m/nofp/libc_nano.a(libc_a-init.o)
                                                  build/startup_stm32c031xx.o
                                                  /home/luminyx/Documents/Dev/Embedded/Setup/arm-gnu-toolchain/bin/../lib/gcc/arm-none-eabi/13.2.1/../../../../arm-none-eabi/lib/thumb/v6-m/nofp/crt0.o
__lock___arc4random_mutex                         /home/luminyx/Documents/Dev/Embedded/Setup/arm-gnu-toolchain/bin/../lib/gcc/arm-none-eabi/13.2.1/../../../../arm-none-eabi/lib/thumb/v6-m/nofp/libc_nano.a(libc_a-lock.o)
__lock___at_quick_exit_mutex                      /home/luminyx/Documents/Dev/Embedded/Setup/arm-gnu-toolchain/bin/../lib/gcc/arm-none-eabi/13.2.1/../../../../arm-none-eabi/lib/thumb/v6-m/nofp/libc_nano.a(libc_a-lock.o)
__lock___atexit_recursive_mutex                   /home/luminyx/Documents/Dev/Embedded/Setup/arm-gnu-toolchain/bin/../lib/gcc/arm-none-eabi/13.2.1/../../../../arm-none-eabi/lib/thumb/v6-m/nofp/libc_nano.a(libc_a-lock.o)
__lock___dd_hash_mutex                            /home/luminyx/Documents/Dev/Embedded/Setup/arm-gnu-toolchain/bin/../lib/gcc/arm-none-eabi/13.2.1/../../../../arm-none-eabi/lib/thumb/v6-m/nofp/libc_nano.a(libc_a-lock.o)
__lock___env_recursive_mutex                      /home/luminyx/Documents/Dev/Embedded/Setup/arm-gnu-toolchain/bin/../lib/gcc/arm-none-eabi/13.2.1/../../../../arm-none-eabi/lib/thumb/v6-m/nofp/libc_nano.a(libc_a-lock.o)
__lock___malloc_recursive_mutex                   /home/luminyx/Documents/Dev/Embedded/Setup/arm-gnu-toolchain/bin/../lib/gcc/arm-none-eabi/13.2.1/../../../../arm-none-eabi/lib/thumb/v6-m/nofp/libc_nano.a(libc_a-lock.o)
                                                  /home/luminyx/Documents/Dev/Embedded/Setup/arm-gnu-toolchain/bin/../lib/gcc/arm-none-eabi/13.2.1/../../../../arm-none-eabi/lib/thumb/v6-m/nofp/libc_nano.a(libc_a-mlock.o)
__lock___sfp_recursive_mutex                      /home/luminyx/Documents/Dev/Embedded/Setup/arm-gnu-toolchain/bin/../lib/gcc/arm-none-eabi/13.2.1/../../../../arm-none-eabi/lib/thumb/v6-m/nofp/libc_nano.a(libc_a-lock.o)
                                                  /home/luminyx/Documents/Dev/Embedded/Setup/arm-gnu-toolchain/bin/../lib/gcc/arm-none-eabi/13.2.1/../../../../arm-none-eabi/lib/thumb/v6-m/nofp/libc_nano.a(libc_a-findfp.o)
__lock___tz_mutex                                 /home/luminyx/Documents/Dev/Embedded/Setup/arm-gnu-toolchain/bin/../lib/gcc/arm-none-eabi/13.2.1/../../../../arm-none-eabi/lib/thumb/v6-m/nofp/libc_nano.a(libc_a-lock.o)
__malloc_free_list                                /home/luminyx/Documents/Dev/Embedded/Setup/arm-gnu-toolchain/bin/../lib/gcc/arm-none-eabi/13.2.1/../../../../arm-none-eabi/lib/thumb/v6-m/nofp/libc_nano.a(libc_a-mallocr.o)
                                                  /home/luminyx/Documents/Dev/Embedded/Setup/arm-gnu-toolchain/bin/../lib/gcc/arm-none-eabi/13.2.1/../../../../arm-none-eabi/lib/thumb/v6-m/nofp/libc_nano.a(libc_a-freer.o)
__malloc_lock                                     /home/luminyx/Documents/Dev/Embedded/Setup/arm-gnu-toolchain/bin/../lib/gcc/arm-none-eabi/13.2.1/../../../../arm-none-eabi/lib/thumb/v6-m/nofp/libc_nano.a(libc_a-mlock.o)
                                                  /home/luminyx/Documents/Dev/Embedded/Setup/arm-gnu-toolchain/bin/../lib/gcc/arm-none-eabi/13.2.1/../../../../arm-none-eabi/lib/thumb/v6-m/nofp/libc_nano.a(libc_a-freer.o)
                                                  /home/luminyx/Documents/Dev/Embedded/Setup/arm-gnu-toolchain/bin/../lib/gcc/arm-none-eabi/13.2.1/../../../../arm-none-eabi/lib/thumb/v6-m/nofp/libc_nano.a(libc_a-mallocr.o)
__malloc_sbrk_start                               /home/luminyx/Documents/Dev/Embedded/Setup/arm-gnu-toolchain/bin/../lib/gcc/arm-none-eabi/13.2.1/../../../../arm-none-eabi/lib/thumb/v6-m/nofp/libc_nano.a(libc_a-mallocr.o)
__malloc_unlock                                   /home/luminyx/Documents/Dev/Embedded/Setup/arm-gnu-toolchain/bin/../lib/gcc/arm-none-eabi/13.2.1/../../../../arm-none-eabi/lib/thumb/v6-m/nofp/libc_nano.a(libc_a-mlock.o)
                                                  /home/luminyx/Documents/Dev/Embedded/Setup/arm-gnu-toolchain/bin/../lib/gcc/arm-none-eabi/13.2.1/../../../../arm-none-eabi/lib/thumb/v6-m/nofp/libc_nano.a(libc_a-freer.o)
                                                  /home/luminyx/Documents/Dev/Embedded/Setup/arm-gnu-toolchain/bin/../lib/gcc/arm-none-eabi/13.2.1/../../../../arm-none-eabi/lib/thumb/v6-m/nofp/libc_nano.a(libc_a-mallocr.o)
__preinit_array_end                               /home/luminyx/Documents/Dev/Embedded/Setup/arm-gnu-toolchain/bin/../lib/gcc/arm-none-eabi/13.2.1/../../../../arm-none-eabi/lib/thumb/v6-m/nofp/libc_nano.a(libc_a-init.o)
__preinit_array_start                             /home/luminyx/Documents/Dev/Embedded/Setup/arm-gnu-toolchain/bin/../lib/gcc/arm-none-eabi/13.2.1/../../../../arm-none-eabi/lib/thumb/v6-m/nofp/libc_nano.a(libc_a-init.o)
__register_frame_info                             /home/luminyx/Documents/Dev/Embedded/Setup/arm-gnu-toolchain/bin/../lib/gcc/arm-none-eabi/13.2.1/thumb/v6-m/nofp/crtbegin.o
__retarget_lock_acquire                           /home/luminyx/Documents/Dev/Embedded/Setup/arm-gnu-toolchain/bin/../lib/gcc/arm-none-eabi/13.2.1/../../../../arm-none-eabi/lib/thumb/v6-m/nofp/libc_nano.a(libc_a-lock.o)
__retarget_lock_acquire_recursive                 /home/luminyx/Documents/Dev/Embedded/Setup/arm-gnu-toolchain/bin/../lib/gcc/arm-none-eabi/13.2.1/../../../../arm-none-eabi/lib/thumb/v6-m/nofp/libc_nano.a(libc_a-lock.o)
                                                  /home/luminyx/Documents/Dev/Embedded/Setup/arm-gnu-toolchain/bin/../lib/gcc/arm-none-eabi/13.2.1/../../../../arm-none-eabi/lib/thumb/v6-m/nofp/libc_nano.a(libc_a-mlock.o)
                                                  /home/luminyx/Documents/Dev/Embedded/Setup/arm-gnu-toolchain/bin/../lib/gcc/arm-none-eabi/13.2.1/../../../../arm-none-eabi/lib/thumb/v6-m/nofp/libc_nano.a(libc_a-fflush.o)
                                                  /home/luminyx/Documents/Dev/Embedded/Setup/arm-gnu-toolchain/bin/../lib/gcc/arm-none-eabi/13.2.1/../../../../arm-none-eabi/lib/thumb/v6-m/nofp/libc_nano.a(libc_a-findfp.o)
__retarget_lock_close                             /home/luminyx/Documents/Dev/Embedded/Setup/arm-gnu-toolchain/bin/../lib/gcc/arm-none-eabi/13.2.1/../../../../arm-none-eabi/lib/thumb/v6-m/nofp/libc_nano.a(libc_a-lock.o)
__retarget_lock_close_recursive                   /home/luminyx/Documents/Dev/Embedded/Setup/arm-gnu-toolchain/bin/../lib/gcc/arm-none-eabi/13.2.1/../../../../arm-none-eabi/lib/thumb/v6-m/nofp/libc_nano.a(libc_a-lock.o)
__retarget_lock_init                              /home/luminyx/Documents/Dev/Embedded/Setup/arm-gnu-toolchain/bin/../lib/gcc/arm-none-eabi/13.2.1/../../../../arm-none-eabi/lib/thumb/v6-m/nofp/libc_nano.a(libc_a-lock.o)
__retarget_lock_init_recursive                    /home/luminyx/Documents/Dev/Embedded/Setup/arm-gnu-toolchain/bin/../lib/gcc/arm-none-eabi/13.2.1/../../../../arm-none-eabi/lib/thumb/v6-m/nofp/libc_nano.a(libc_a-lock.o)
                                                  /home/luminyx/Documents/Dev/Embedded/Setup/arm-gnu-toolchain/bin/../lib/gcc/arm-none-eabi/13.2.1/../../../../arm-none-eabi/lib/thumb/v6-m/nofp/libc_nano.a(libc_a-findfp.o)
__retarget_lock_release                           /home/luminyx/Documents/Dev/Embedded/Setup/arm-gnu-toolchain/bin/../lib/gcc/arm-none-eabi/13.2.1/../../../../arm-none-eabi/lib/thumb/v6-m/nofp/libc_nano.a(libc_a-lock.o)
__retarget_lock_release_recursive                 /home/luminyx/Documents/Dev/Embedded/Setup/arm-gnu-toolchain/bin/../lib/gcc/arm-none-eabi/13.2.1/../../../../arm-none-eabi/lib/thumb/v6-m/nofp/libc_nano.a(libc_a-lock.o)
                                                  /home/luminyx/Documents/Dev/Embedded/Setup/arm-gnu-toolchain/bin/../lib/gcc/arm-none-eabi/13.2.1/../../../../arm-none-eabi/lib/thumb/v6-m/nofp/libc_nano.a(libc_a-mlock.o)
                                                  /home/luminyx/Documents/Dev/Embedded/Setup/arm-gnu-toolchain/bin/../lib/gcc/arm-none-eabi/13.2.1/../../../../arm-none-eabi/lib/thumb/v6-m/nofp/libc_nano.a(libc_a-fflush.o)
                                                  /home/luminyx/Documents/Dev/Embedded/Setup/arm-gnu-toolchain/bin/../lib/gcc/arm-none-eabi/13.2.1/../../../../arm-none-eabi/lib/thumb/v6-m/nofp/libc_nano.a(libc_a-findfp.o)
__retarget_lock_try_acquire                       /home/luminyx/Documents/Dev/Embedded/Setup/arm-gnu-toolchain/bin/../lib/gcc/arm-none-eabi/13.2.1/../../../../arm-none-eabi/lib/thumb/v6-m/nofp/libc_nano.a(libc_a-lock.o)
__retarget_lock_try_acquire_recursive             /home/luminyx/Documents/Dev/Embedded/Setup/arm-gnu-toolchain/bin/../lib/gcc/arm-none-eabi/13.2.1/../../../../arm-none-eabi/lib/thumb/v6-m/nofp/libc_nano.a(libc_a-lock.o)
__sclose                                          /home/luminyx/Documents/Dev/Embedded/Setup/arm-gnu-toolchain/bin/../lib/gcc/arm-none-eabi/13.2.1/../../../../arm-none-eabi/lib/thumb/v6-m/nofp/libc_nano.a(libc_a-stdio.o)
                                                  /home/luminyx/Documents/Dev/Embedded/Setup/arm-gnu-toolchain/bin/../lib/gcc/arm-none-eabi/13.2.1/../../../../arm-none-eabi/lib/thumb/v6-m/nofp/libc_nano.a(libc_a-findfp.o)
__seofread                                        /home/luminyx/Documents/Dev/Embedded/Setup/arm-gnu-toolchain/bin/../lib/gcc/arm-none-eabi/13.2.1/../../../../arm-none-eabi/lib/thumb/v6-m/nofp/libc_nano.a(libc_a-stdio.o)
__sf                                              /home/luminyx/Documents/Dev/Embedded/Setup/arm-gnu-toolchain/bin/../lib/gcc/arm-none-eabi/13.2.1/../../../../arm-none-eabi/lib/thumb/v6-m/nofp/libc_nano.a(libc_a-findfp.o)
                                                  /home/luminyx/Documents/Dev/Embedded/Setup/arm-gnu-toolchain/bin/../lib/gcc/arm-none-eabi/13.2.1/../../../../arm-none-eabi/lib/thumb/v6-m/nofp/libc_nano.a(libc_a-impure.o)
__sflush_r                                        /home/luminyx/Documents/Dev/Embedded/Setup/arm-gnu-toolchain/bin/../lib/gcc/arm-none-eabi/13.2.1/../../../../arm-none-eabi/lib/thumb/v6-m/nofp/libc_nano.a(libc_a-fflush.o)
__sfp                                             /home/luminyx/Documents/Dev/Embedded/Setup/arm-gnu-toolchain/bin/../lib/gcc/arm-none-eabi/13.2.1/../../../../arm-none-eabi/lib/thumb/v6-m/nofp/libc_nano.a(libc_a-findfp.o)
__sfp_lock_acquire                                /home/luminyx/Documents/Dev/Embedded/Setup/arm-gnu-toolchain/bin/../lib/gcc/arm-none-eabi/13.2.1/../../../../arm-none-eabi/lib/thumb/v6-m/nofp/libc_nano.a(libc_a-findfp.o)
__sfp_lock_release                                /home/luminyx/Documents/Dev/Embedded/Setup/arm-gnu-toolchain/bin/../lib/gcc/arm-none-eabi/13.2.1/../../../../arm-none-eabi/lib/thumb/v6-m/nofp/libc_nano.a(libc_a-findfp.o)
__sglue                                           /home/luminyx/Documents/Dev/Embedded/Setup/arm-gnu-toolchain/bin/../lib/gcc/arm-none-eabi/13.2.1/../../../../arm-none-eabi/lib/thumb/v6-m/nofp/libc_nano.a(libc_a-findfp.o)
                                                  /home/luminyx/Documents/Dev/Embedded/Setup/arm-gnu-toolchain/bin/../lib/gcc/arm-none-eabi/13.2.1/../../../../arm-none-eabi/lib/thumb/v6-m/nofp/libc_nano.a(libc_a-fflush.o)
__sinit                                           /home/luminyx/Documents/Dev/Embedded/Setup/arm-gnu-toolchain/bin/../lib/gcc/arm-none-eabi/13.2.1/../../../../arm-none-eabi/lib/thumb/v6-m/nofp/libc_nano.a(libc_a-findfp.o)
                                                  /home/luminyx/Documents/Dev/Embedded/Setup/arm-gnu-toolchain/bin/../lib/gcc/arm-none-eabi/13.2.1/../../../../arm-none-eabi/lib/thumb/v6-m/nofp/libc_nano.a(libc_a-fflush.o)
__sread                                           /home/luminyx/Documents/Dev/Embedded/Setup/arm-gnu-toolchain/bin/../lib/gcc/arm-none-eabi/13.2.1/../../../../arm-none-eabi/lib/thumb/v6-m/nofp/libc_nano.a(libc_a-stdio.o)
                                                  /home/luminyx/Documents/Dev/Embedded/Setup/arm-gnu-toolchain/bin/../lib/gcc/arm-none-eabi/13.2.1/../../../../arm-none-eabi/lib/thumb/v6-m/nofp/libc_nano.a(libc_a-findfp.o)
__sseek                                           /home/luminyx/Documents/Dev/Embedded/Setup/arm-gnu-toolchain/bin/../lib/gcc/arm-none-eabi/13.2.1/../../../../arm-none-eabi/lib/thumb/v6-m/nofp/libc_nano.a(libc_a-stdio.o)
                                                  /home/luminyx/Documents/Dev/Embedded/Setup/arm-gnu-toolchain/bin/../lib/gcc/arm-none-eabi/13.2.1/../../../../arm-none-eabi/lib/thumb/v6-m/nofp/libc_nano.a(libc_a-findfp.o)
__stack                                           /home/luminyx/Documents/Dev/Embedded/Setup/arm-gnu-toolchain/bin/../lib/gcc/arm-none-eabi/13.2.1/../../../../arm-none-eabi/lib/thumb/v6-m/nofp/crt0.o
__stdio_exit_handler                              /home/luminyx/Documents/Dev/Embedded/Setup/arm-gnu-toolchain/bin/../lib/gcc/arm-none-eabi/13.2.1/../../../../arm-none-eabi/lib/thumb/v6-m/nofp/libc_nano.a(libc_a-findfp.o)
                                                  /home/luminyx/Documents/Dev/Embedded/Setup/arm-gnu-toolchain/bin/../lib/gcc/arm-none-eabi/13.2.1/../../../../arm-none-eabi/lib/thumb/v6-m/nofp/libc_nano.a(libc_a-exit.o)
__swrite                                          /home/luminyx/Documents/Dev/Embedded/Setup/arm-gnu-toolchain/bin/../lib/gcc/arm-none-eabi/13.2.1/../../../../arm-none-eabi/lib/thumb/v6-m/nofp/libc_nano.a(libc_a-stdio.o)
                                                  /home/luminyx/Documents/Dev/Embedded/Setup/arm-gnu-toolchain/bin/../lib/gcc/arm-none-eabi/13.2.1/../../../../arm-none-eabi/lib/thumb/v6-m/nofp/libc_nano.a(libc_a-findfp.o)
__udivsi3                                         /home/luminyx/Documents/Dev/Embedded/Setup/arm-gnu-toolchain/bin/../lib/gcc/arm-none-eabi/13.2.1/thumb/v6-m/nofp/libgcc.a(_udivsi3.o)
_close                                            build/syscalls.o
                                                  /home/luminyx/Documents/Dev/Embedded/Setup/arm-gnu-toolchain/bin/../lib/gcc/arm-none-eabi/13.2.1/../../../../arm-none-eabi/lib/thumb/v6-m/nofp/libc_nano.a(libc_a-closer.o)
_close_r                                          /home/luminyx/Documents/Dev/Embedded/Setup/arm-gnu-toolchain/bin/../lib/gcc/arm-none-eabi/13.2.1/../../../../arm-none-eabi/lib/thumb/v6-m/nofp/libc_nano.a(libc_a-closer.o)
                                                  /home/luminyx/Documents/Dev/Embedded/Setup/arm-gnu-toolchain/bin/../lib/gcc/arm-none-eabi/13.2.1/../../../../arm-none-eabi/lib/thumb/v6-m/nofp/libc_nano.a(libc_a-stdio.o)
_ebss                                             build/startup_stm32c031xx.o
_edata                                            build/startup_stm32c031xx.o
_end                                              build/sysmem.o
_estack                                           build/startup_stm32c031xx.o
                                                  build/sysmem.o
_execve                                           build/syscalls.o
_exit                                             build/syscalls.o
                                                  /home/luminyx/Documents/Dev/Embedded/Setup/arm-gnu-toolchain/bin/../lib/gcc/arm-none-eabi/13.2.1/../../../../arm-none-eabi/lib/thumb/v6-m/nofp/libc_nano.a(libc_a-exit.o)
_fflush_r                                         /home/luminyx/Documents/Dev/Embedded/Setup/arm-gnu-toolchain/bin/../lib/gcc/arm-none-eabi/13.2.1/../../../../arm-none-eabi/lib/thumb/v6-m/nofp/libc_nano.a(libc_a-fflush.o)
                                                  /home/luminyx/Documents/Dev/Embedded/Setup/arm-gnu-toolchain/bin/../lib/gcc/arm-none-eabi/13.2.1/../../../../arm-none-eabi/lib/thumb/v6-m/nofp/libc_nano.a(libc_a-findfp.o)
_fini                                             /home/luminyx/Documents/Dev/Embedded/Setup/arm-gnu-toolchain/bin/../lib/gcc/arm-none-eabi/13.2.1/thumb/v6-m/nofp/crti.o
_fork                                             build/syscalls.o
_free_r                                           /home/luminyx/Documents/Dev/Embedded/Setup/arm-gnu-toolchain/bin/../lib/gcc/arm-none-eabi/13.2.1/../../../../arm-none-eabi/lib/thumb/v6-m/nofp/libc_nano.a(libc_a-freer.o)
                                                  /home/luminyx/Documents/Dev/Embedded/Setup/arm-gnu-toolchain/bin/../lib/gcc/arm-none-eabi/13.2.1/../../../../arm-none-eabi/lib/thumb/v6-m/nofp/libc_nano.a(libc_a-fflush.o)
                                                  /home/luminyx/Documents/Dev/Embedded/Setup/arm-gnu-toolchain/bin/../lib/gcc/arm-none-eabi/13.2.1/../../../../arm-none-eabi/lib/thumb/v6-m/nofp/libc_nano.a(libc_a-reent.o)
_fstat                                            build/syscalls.o
_fwalk_sglue                                      /home/luminyx/Documents/Dev/Embedded/Setup/arm-gnu-toolchain/bin/../lib/gcc/arm-none-eabi/13.2.1/../../../../arm-none-eabi/lib/thumb/v6-m/nofp/libc_nano.a(libc_a-fwalk.o)
                                                  /home/luminyx/Documents/Dev/Embedded/Setup/arm-gnu-toolchain/bin/../lib/gcc/arm-none-eabi/13.2.1/../../../../arm-none-eabi/lib/thumb/v6-m/nofp/libc_nano.a(libc_a-fflush.o)
                                                  /home/luminyx/Documents/Dev/Embedded/Setup/arm-gnu-toolchain/bin/../lib/gcc/arm-none-eabi/13.2.1/../../../../arm-none-eabi/lib/thumb/v6-m/nofp/libc_nano.a(libc_a-findfp.o)
_getpid                                           build/syscalls.o
_impure_data                                      /home/luminyx/Documents/Dev/Embedded/Setup/arm-gnu-toolchain/bin/../lib/gcc/arm-none-eabi/13.2.1/../../../../arm-none-eabi/lib/thumb/v6-m/nofp/libc_nano.a(libc_a-impure.o)
                                                  /home/luminyx/Documents/Dev/Embedded/Setup/arm-gnu-toolchain/bin/../lib/gcc/arm-none-eabi/13.2.1/../../../../arm-none-eabi/lib/thumb/v6-m/nofp/libc_nano.a(libc_a-fflush.o)
                                                  /home/luminyx/Documents/Dev/Embedded/Setup/arm-gnu-toolchain/bin/../lib/gcc/arm-none-eabi/13.2.1/../../../../arm-none-eabi/lib/thumb/v6-m/nofp/libc_nano.a(libc_a-findfp.o)
_impure_ptr                                       /home/luminyx/Documents/Dev/Embedded/Setup/arm-gnu-toolchain/bin/../lib/gcc/arm-none-eabi/13.2.1/../../../../arm-none-eabi/lib/thumb/v6-m/nofp/libc_nano.a(libc_a-impure.o)
                                                  /home/luminyx/Documents/Dev/Embedded/Setup/arm-gnu-toolchain/bin/../lib/gcc/arm-none-eabi/13.2.1/../../../../arm-none-eabi/lib/thumb/v6-m/nofp/libc_nano.a(libc_a-fflush.o)
                                                  /home/luminyx/Documents/Dev/Embedded/Setup/arm-gnu-toolchain/bin/../lib/gcc/arm-none-eabi/13.2.1/../../../../arm-none-eabi/lib/thumb/v6-m/nofp/libc_nano.a(libc_a-reent.o)
                                                  /home/luminyx/Documents/Dev/Embedded/Setup/arm-gnu-toolchain/bin/../lib/gcc/arm-none-eabi/13.2.1/../../../../arm-none-eabi/lib/thumb/v6-m/nofp/libc_nano.a(libc_a-errno.o)
_init                                             /home/luminyx/Documents/Dev/Embedded/Setup/arm-gnu-toolchain/bin/../lib/gcc/arm-none-eabi/13.2.1/thumb/v6-m/nofp/crti.o
                                                  /home/luminyx/Documents/Dev/Embedded/Setup/arm-gnu-toolchain/bin/../lib/gcc/arm-none-eabi/13.2.1/../../../../arm-none-eabi/lib/thumb/v6-m/nofp/libc_nano.a(libc_a-init.o)
_isatty                                           build/syscalls.o
_kill                                             build/syscalls.o
_link                                             build/syscalls.o
_lseek                                            build/syscalls.o
                                                  /home/luminyx/Documents/Dev/Embedded/Setup/arm-gnu-toolchain/bin/../lib/gcc/arm-none-eabi/13.2.1/../../../../arm-none-eabi/lib/thumb/v6-m/nofp/libc_nano.a(libc_a-lseekr.o)
_lseek_r                                          /home/luminyx/Documents/Dev/Embedded/Setup/arm-gnu-toolchain/bin/../lib/gcc/arm-none-eabi/13.2.1/../../../../arm-none-eabi/lib/thumb/v6-m/nofp/libc_nano.a(libc_a-lseekr.o)
                                                  /home/luminyx/Documents/Dev/Embedded/Setup/arm-gnu-toolchain/bin/../lib/gcc/arm-none-eabi/13.2.1/../../../../arm-none-eabi/lib/thumb/v6-m/nofp/libc_nano.a(libc_a-stdio.o)
_mainCRTStartup                                   /home/luminyx/Documents/Dev/Embedded/Setup/arm-gnu-toolchain/bin/../lib/gcc/arm-none-eabi/13.2.1/../../../../arm-none-eabi/lib/thumb/v6-m/nofp/crt0.o
_malloc_r                                         /home/luminyx/Documents/Dev/Embedded/Setup/arm-gnu-toolchain/bin/../lib/gcc/arm-none-eabi/13.2.1/../../../../arm-none-eabi/lib/thumb/v6-m/nofp/libc_nano.a(libc_a-mallocr.o)
                                                  /home/luminyx/Documents/Dev/Embedded/Setup/arm-gnu-toolchain/bin/../lib/gcc/arm-none-eabi/13.2.1/../../../../arm-none-eabi/lib/thumb/v6-m/nofp/libc_nano.a(libc_a-findfp.o)
_open                                             build/syscalls.o
_read                                             build/syscalls.o
                                                  /home/luminyx/Documents/Dev/Embedded/Setup/arm-gnu-toolchain/bin/../lib/gcc/arm-none-eabi/13.2.1/../../../../arm-none-eabi/lib/thumb/v6-m/nofp/libc_nano.a(libc_a-readr.o)
_read_r                                           /home/luminyx/Documents/Dev/Embedded/Setup/arm-gnu-toolchain/bin/../lib/gcc/arm-none-eabi/13.2.1/../../../../arm-none-eabi/lib/thumb/v6-m/nofp/libc_nano.a(libc_a-readr.o)
                                                  /home/luminyx/Documents/Dev/Embedded/Setup/arm-gnu-toolchain/bin/../lib/gcc/arm-none-eabi/13.2.1/../../../../arm-none-eabi/lib/thumb/v6-m/nofp/libc_nano.a(libc_a-stdio.o)
_reclaim_reent                                    /home/luminyx/Documents/Dev/Embedded/Setup/arm-gnu-toolchain/bin/../lib/gcc/arm-none-eabi/13.2.1/../../../../arm-none-eabi/lib/thumb/v6-m/nofp/libc_nano.a(libc_a-reent.o)
_sbrk                                             build/sysmem.o
                                                  /home/luminyx/Documents/Dev/Embedded/Setup/arm-gnu-toolchain/bin/../lib/gcc/arm-none-eabi/13.2.1/../../../../arm-none-eabi/lib/thumb/v6-m/nofp/libc_nano.a(libc_a-sbrkr.o)
_sbrk_r                                           /home/luminyx/Documents/Dev/Embedded/Setup/arm-gnu-toolchain/bin/../lib/gcc/arm-none-eabi/13.2.1/../../../../arm-none-eabi/lib/thumb/v6-m/nofp/libc_nano.a(libc_a-sbrkr.o)
                                                  /home/luminyx/Documents/Dev/Embedded/Setup/arm-gnu-toolchain/bin/../lib/gcc/arm-none-eabi/13.2.1/../../../../arm-none-eabi/lib/thumb/v6-m/nofp/libc_nano.a(libc_a-mallocr.o)
_sbss                                             build/startup_stm32c031xx.o
_sdata                                            build/startup_stm32c031xx.o
_sidata                                           build/startup_stm32c031xx.o
_stack_init                                       /home/luminyx/Documents/Dev/Embedded/Setup/arm-gnu-toolchain/bin/../lib/gcc/arm-none-eabi/13.2.1/../../../../arm-none-eabi/lib/thumb/v6-m/nofp/crt0.o
_start                                            /home/luminyx/Documents/Dev/Embedded/Setup/arm-gnu-toolchain/bin/../lib/gcc/arm-none-eabi/13.2.1/../../../../arm-none-eabi/lib/thumb/v6-m/nofp/crt0.o
_stat                                             build/syscalls.o
_times                                            build/syscalls.o
_unlink                                           build/syscalls.o
_wait                                             build/syscalls.o
_write                                            build/syscalls.o
                                                  /home/luminyx/Documents/Dev/Embedded/Setup/arm-gnu-toolchain/bin/../lib/gcc/arm-none-eabi/13.2.1/../../../../arm-none-eabi/lib/thumb/v6-m/nofp/libc_nano.a(libc_a-writer.o)
_write_r                                          /home/luminyx/Documents/Dev/Embedded/Setup/arm-gnu-toolchain/bin/../lib/gcc/arm-none-eabi/13.2.1/../../../../arm-none-eabi/lib/thumb/v6-m/nofp/libc_nano.a(libc_a-writer.o)
                                                  /home/luminyx/Documents/Dev/Embedded/Setup/arm-gnu-toolchain/bin/../lib/gcc/arm-none-eabi/13.2.1/../../../../arm-none-eabi/lib/thumb/v6-m/nofp/libc_nano.a(libc_a-stdio.o)
atexit                                            /home/luminyx/Documents/Dev/Embedded/Setup/arm-gnu-toolchain/bin/../lib/gcc/arm-none-eabi/13.2.1/../../../../arm-none-eabi/lib/thumb/v6-m/nofp/crt0.o
delay                                             build/main.o
environ                                           build/syscalls.o
errno                                             /home/luminyx/Documents/Dev/Embedded/Setup/arm-gnu-toolchain/bin/../lib/gcc/arm-none-eabi/13.2.1/../../../../arm-none-eabi/lib/thumb/v6-m/nofp/libc_nano.a(libc_a-reent.o)
                                                  /home/luminyx/Documents/Dev/Embedded/Setup/arm-gnu-toolchain/bin/../lib/gcc/arm-none-eabi/13.2.1/../../../../arm-none-eabi/lib/thumb/v6-m/nofp/libc_nano.a(libc_a-sbrkr.o)
                                                  /home/luminyx/Documents/Dev/Embedded/Setup/arm-gnu-toolchain/bin/../lib/gcc/arm-none-eabi/13.2.1/../../../../arm-none-eabi/lib/thumb/v6-m/nofp/libc_nano.a(libc_a-lseekr.o)
                                                  /home/luminyx/Documents/Dev/Embedded/Setup/arm-gnu-toolchain/bin/../lib/gcc/arm-none-eabi/13.2.1/../../../../arm-none-eabi/lib/thumb/v6-m/nofp/libc_nano.a(libc_a-closer.o)
                                                  /home/luminyx/Documents/Dev/Embedded/Setup/arm-gnu-toolchain/bin/../lib/gcc/arm-none-eabi/13.2.1/../../../../arm-none-eabi/lib/thumb/v6-m/nofp/libc_nano.a(libc_a-writer.o)
                                                  /home/luminyx/Documents/Dev/Embedded/Setup/arm-gnu-toolchain/bin/../lib/gcc/arm-none-eabi/13.2.1/../../../../arm-none-eabi/lib/thumb/v6-m/nofp/libc_nano.a(libc_a-readr.o)
exit                                              /home/luminyx/Documents/Dev/Embedded/Setup/arm-gnu-toolchain/bin/../lib/gcc/arm-none-eabi/13.2.1/../../../../arm-none-eabi/lib/thumb/v6-m/nofp/libc_nano.a(libc_a-exit.o)
                                                  /home/luminyx/Documents/Dev/Embedded/Setup/arm-gnu-toolchain/bin/../lib/gcc/arm-none-eabi/13.2.1/../../../../arm-none-eabi/lib/thumb/v6-m/nofp/crt0.o
fflush                                            /home/luminyx/Documents/Dev/Embedded/Setup/arm-gnu-toolchain/bin/../lib/gcc/arm-none-eabi/13.2.1/../../../../arm-none-eabi/lib/thumb/v6-m/nofp/libc_nano.a(libc_a-fflush.o)
g_pfnVectors                                      build/startup_stm32c031xx.o
hardware_init_hook                                /home/luminyx/Documents/Dev/Embedded/Setup/arm-gnu-toolchain/bin/../lib/gcc/arm-none-eabi/13.2.1/../../../../arm-none-eabi/lib/thumb/v6-m/nofp/crt0.o
initialise_monitor_handles                        build/syscalls.o
main                                              build/main.o
                                                  build/startup_stm32c031xx.o
                                                  /home/luminyx/Documents/Dev/Embedded/Setup/arm-gnu-toolchain/bin/../lib/gcc/arm-none-eabi/13.2.1/../../../../arm-none-eabi/lib/thumb/v6-m/nofp/crt0.o
memset                                            /home/luminyx/Documents/Dev/Embedded/Setup/arm-gnu-toolchain/bin/../lib/gcc/arm-none-eabi/13.2.1/../../../../arm-none-eabi/lib/thumb/v6-m/nofp/libc_nano.a(libc_a-memset.o)
                                                  /home/luminyx/Documents/Dev/Embedded/Setup/arm-gnu-toolchain/bin/../lib/gcc/arm-none-eabi/13.2.1/../../../../arm-none-eabi/lib/thumb/v6-m/nofp/libc_nano.a(libc_a-findfp.o)
                                                  /home/luminyx/Documents/Dev/Embedded/Setup/arm-gnu-toolchain/bin/../lib/gcc/arm-none-eabi/13.2.1/../../../../arm-none-eabi/lib/thumb/v6-m/nofp/crt0.o
software_init_hook                                /home/luminyx/Documents/Dev/Embedded/Setup/arm-gnu-toolchain/bin/../lib/gcc/arm-none-eabi/13.2.1/../../../../arm-none-eabi/lib/thumb/v6-m/nofp/crt0.o
